Done with  txid224308
Size:  4448
Labels: 
2    3596
1     644
0     208
Name: label, dtype: int64
--------------------------------------- 

Done with  txid196627
Size:  3002
Labels: 
0    1182
1    1077
2     743
Name: label, dtype: int64
--------------------------------------- 

Done with  txid511145
Size:  4316
Labels: 
0    2098
1    1726
2     492
Name: label, dtype: int64
--------------------------------------- 

Done with  txid85962
Size:  1566
Labels: 
1    744
2    708
0    114
Name: label, dtype: int64
--------------------------------------- 

Done with  txid297246
Size:  3094
Labels: 
2    2087
1     877
0     130
Name: label, dtype: int64
--------------------------------------- 

Done with  txid169963
Size:  3047
Labels: 
2    1844
1    1031
0     172
Name: label, dtype: int64
--------------------------------------- 

Done with  txid272634
Size:  730
Labels: 
2    358
1    246
0    126
Name: label, dtype: int64
--------------------------------------- 

Done with  txid298386
Size:  5569
Labels: 
2    4806
1     676
0      87
Name: label, dtype: int64
--------------------------------------- 

Done with  txid176299
Size:  4574
Labels: 
2    4560
1      14
Name: label, dtype: int64
--------------------------------------- 

Done with  txid224326
Size:  837
Labels: 
2    817
1     20
Name: label, dtype: int64
--------------------------------------- 

Done with  txid224911
Size:  7136
Labels: 
2    7119
1      15
0       2
Name: label, dtype: int64
--------------------------------------- 

Done with  txid208964
Size:  63334
Labels: 
2    63264
1       67
0        3
Name: label, dtype: int64
--------------------------------------- 

Done with  txid214092
Size:  4034
Labels: 
2    4028
1       6
Name: label, dtype: int64
--------------------------------------- 

Done with  txid6239
Size:  44760
Labels: 
2    43520
1     1184
0       56
Name: label, dtype: int64
--------------------------------------- 

