********************txid224308********************
0 non-operons were not labeled and 0 operons were not labeled

Classification report
              precision    recall  f1-score   support

           0       0.34      0.95      0.50       208
           1       0.96      0.41      0.57       644

    accuracy                           0.54       852
   macro avg       0.65      0.68      0.54       852
weighted avg       0.81      0.54      0.55       852

Predicted    0    1  All
True                    
0          197   11  208
1          382  262  644
All        579  273  852
**************************************************
********************txid196627********************
0 non-operons were not labeled and 0 operons were not labeled

Classification report
              precision    recall  f1-score   support

           0       0.61      0.92      0.74      1182
           1       0.81      0.36      0.50      1077

    accuracy                           0.66      2259
   macro avg       0.71      0.64      0.62      2259
weighted avg       0.71      0.66      0.62      2259

Predicted     0    1   All
True                      
0          1093   89  1182
1           690  387  1077
All        1783  476  2259
**************************************************
********************txid511145********************
0 non-operons were not labeled and 0 operons were not labeled

Classification report
              precision    recall  f1-score   support

           0       0.64      0.96      0.77      2098
           1       0.87      0.34      0.49      1726

    accuracy                           0.68      3824
   macro avg       0.75      0.65      0.63      3824
weighted avg       0.74      0.68      0.64      3824

Predicted     0    1   All
True                      
0          2007   91  2098
1          1132  594  1726
All        3139  685  3824
**************************************************
********************txid85962********************
0 non-operons were not labeled and 0 operons were not labeled

Classification report
              precision    recall  f1-score   support

           0       0.20      0.96      0.33       114
           1       0.99      0.42      0.59       744

    accuracy                           0.49       858
   macro avg       0.59      0.69      0.46       858
weighted avg       0.88      0.49      0.55       858

Predicted    0    1  All
True                    
0          110    4  114
1          433  311  744
All        543  315  858
**************************************************
********************txid297246********************
0 non-operons were not labeled and 0 operons were not labeled

Classification report
              precision    recall  f1-score   support

           0       0.18      0.88      0.29       130
           1       0.96      0.39      0.56       877

    accuracy                           0.45      1007
   macro avg       0.57      0.63      0.42      1007
weighted avg       0.85      0.45      0.52      1007

Predicted    0    1   All
True                     
0          114   16   130
1          534  343   877
All        648  359  1007
**************************************************
********************txid169963********************
0 non-operons were not labeled and 0 operons were not labeled

Classification report
              precision    recall  f1-score   support

           0       0.21      0.95      0.35       172
           1       0.98      0.41      0.57      1031

    accuracy                           0.48      1203
   macro avg       0.60      0.68      0.46      1203
weighted avg       0.87      0.48      0.54      1203

Predicted    0    1   All
True                     
0          164    8   172
1          612  419  1031
All        776  427  1203
**************************************************
********************txid272634********************
0 non-operons were not labeled and 0 operons were not labeled

Classification report
              precision    recall  f1-score   support

           0       0.47      0.90      0.62       126
           1       0.90      0.48      0.63       246

    accuracy                           0.62       372
   macro avg       0.68      0.69      0.62       372
weighted avg       0.75      0.62      0.62       372

Predicted    0    1  All
True                    
0          113   13  126
1          128  118  246
All        241  131  372
**************************************************
********************txid298386********************
0 non-operons were not labeled and 0 operons were not labeled

Classification report
              precision    recall  f1-score   support

           0       0.14      0.75      0.24        87
           1       0.93      0.42      0.58       676

    accuracy                           0.46       763
   macro avg       0.54      0.58      0.41       763
weighted avg       0.84      0.46      0.54       763

Predicted    0    1  All
True                    
0           65   22   87
1          391  285  676
All        456  307  763
**************************************************
/home/rezvank/.local/lib/python3.10/site-packages/sklearn/metrics/_classification.py:1344: UndefinedMetricWarning: Recall and F-score are ill-defined and being set to 0.0 in labels with no true samples. Use `zero_division` parameter to control this behavior.
  _warn_prf(average, modifier, msg_start, len(result))
/home/rezvank/.local/lib/python3.10/site-packages/sklearn/metrics/_classification.py:1344: UndefinedMetricWarning: Recall and F-score are ill-defined and being set to 0.0 in labels with no true samples. Use `zero_division` parameter to control this behavior.
  _warn_prf(average, modifier, msg_start, len(result))
/home/rezvank/.local/lib/python3.10/site-packages/sklearn/metrics/_classification.py:1344: UndefinedMetricWarning: Recall and F-score are ill-defined and being set to 0.0 in labels with no true samples. Use `zero_division` parameter to control this behavior.
  _warn_prf(average, modifier, msg_start, len(result))
********************txid176299********************
0 non-operons were not labeled and 0 operons were not labeled

Classification report
              precision    recall  f1-score   support

           0       0.00      0.00      0.00         0
           1       1.00      0.14      0.25        14

    accuracy                           0.14        14
   macro avg       0.50      0.07      0.12        14
weighted avg       1.00      0.14      0.25        14

Predicted   0  1  All
True                 
1          12  2   14
All        12  2   14
**************************************************
/home/rezvank/.local/lib/python3.10/site-packages/sklearn/metrics/_classification.py:1344: UndefinedMetricWarning: Recall and F-score are ill-defined and being set to 0.0 in labels with no true samples. Use `zero_division` parameter to control this behavior.
  _warn_prf(average, modifier, msg_start, len(result))
/home/rezvank/.local/lib/python3.10/site-packages/sklearn/metrics/_classification.py:1344: UndefinedMetricWarning: Recall and F-score are ill-defined and being set to 0.0 in labels with no true samples. Use `zero_division` parameter to control this behavior.
  _warn_prf(average, modifier, msg_start, len(result))
/home/rezvank/.local/lib/python3.10/site-packages/sklearn/metrics/_classification.py:1344: UndefinedMetricWarning: Recall and F-score are ill-defined and being set to 0.0 in labels with no true samples. Use `zero_division` parameter to control this behavior.
  _warn_prf(average, modifier, msg_start, len(result))
********************txid224326********************
0 non-operons were not labeled and 0 operons were not labeled

Classification report
              precision    recall  f1-score   support

           0       0.00      0.00      0.00         0
           1       1.00      0.25      0.40        20

    accuracy                           0.25        20
   macro avg       0.50      0.12      0.20        20
weighted avg       1.00      0.25      0.40        20

Predicted   0  1  All
True                 
1          15  5   20
All        15  5   20
**************************************************
********************txid224911********************
0 non-operons were not labeled and 0 operons were not labeled

Classification report
              precision    recall  f1-score   support

           0       0.17      0.50      0.25         2
           1       0.91      0.67      0.77        15

    accuracy                           0.65        17
   macro avg       0.54      0.58      0.51        17
weighted avg       0.82      0.65      0.71        17

Predicted  0   1  All
True                 
0          1   1    2
1          5  10   15
All        6  11   17
**************************************************
********************txid208964********************
0 non-operons were not labeled and 0 operons were not labeled

Classification report
              precision    recall  f1-score   support

           0       0.10      1.00      0.18         3
           1       1.00      0.60      0.75        67

    accuracy                           0.61        70
   macro avg       0.55      0.80      0.46        70
weighted avg       0.96      0.61      0.72        70

Predicted   0   1  All
True                  
0           3   0    3
1          27  40   67
All        30  40   70
**************************************************
********************txid214092********************
0 non-operons were not labeled and 0 operons were not labeled

Classification report
              precision    recall  f1-score   support

           1       1.00      1.00      1.00         6

    accuracy                           1.00         6
   macro avg       1.00      1.00      1.00         6
weighted avg       1.00      1.00      1.00         6

Predicted  1  All
True             
1          6    6
All        6    6
**************************************************
