mkdir: cannot create directory ‘../../operons/data_odb/txid6239/txid6239/’: File exists
Picked up JAVA_TOOL_OPTIONS: -Xmx2g

Aligning sequencing reads from file:	SRR11605370.fastq
Exception in thread "main" java.lang.OutOfMemoryError: Java heap space
	at java.base/java.util.Arrays.copyOf(Arrays.java:3537)
	at java.base/java.lang.AbstractStringBuilder.ensureCapacityInternal(AbstractStringBuilder.java:228)
	at java.base/java.lang.AbstractStringBuilder.append(AbstractStringBuilder.java:582)
	at java.base/java.lang.StringBuilder.append(StringBuilder.java:179)
	at Replicon.<init>(Replicon.java:51)
	at Index.<init>(Index.java:52)
	at Peregrine.<init>(Peregrine.java:167)
	at Rockhopper.<init>(Rockhopper.java:136)
	at Rockhopper.main(Rockhopper.java:908)
