********************txid224308********************
0 non-operons were not labeled and 0 operons were not labeled

Classification report
              precision    recall  f1-score   support

           0       0.44      0.99      0.61       208
           1       0.99      0.59      0.74       644

    accuracy                           0.69       852
   macro avg       0.72      0.79      0.68       852
weighted avg       0.86      0.69      0.71       852

Predicted    0    1  All
True                    
0          206    2  208
1          261  383  644
All        467  385  852
**************************************************
********************txid196627********************
0 non-operons were not labeled and 0 operons were not labeled

Classification report
              precision    recall  f1-score   support

           0       0.54      1.00      0.70      1182
           1       0.96      0.06      0.12      1077

    accuracy                           0.55      2259
   macro avg       0.75      0.53      0.41      2259
weighted avg       0.74      0.55      0.42      2259

Predicted     0   1   All
True                     
0          1179   3  1182
1          1008  69  1077
All        2187  72  2259
**************************************************
********************txid511145********************
0 non-operons were not labeled and 0 operons were not labeled

Classification report
              precision    recall  f1-score   support

           0       0.75      0.97      0.84      2098
           1       0.95      0.60      0.73      1726

    accuracy                           0.80      3824
   macro avg       0.85      0.78      0.79      3824
weighted avg       0.84      0.80      0.79      3824

Predicted     0     1   All
True                       
0          2043    55  2098
1           698  1028  1726
All        2741  1083  3824
**************************************************
********************txid85962********************
0 non-operons were not labeled and 0 operons were not labeled

Classification report
              precision    recall  f1-score   support

           0       0.14      1.00      0.25       114
           1       1.00      0.08      0.14       744

    accuracy                           0.20       858
   macro avg       0.57      0.54      0.20       858
weighted avg       0.89      0.20      0.16       858

Predicted    0   1  All
True                   
0          114   0  114
1          686  58  744
All        800  58  858
**************************************************
********************txid297246********************
0 non-operons were not labeled and 0 operons were not labeled

Classification report
              precision    recall  f1-score   support

           0       0.15      0.98      0.26       130
           1       0.98      0.17      0.28       877

    accuracy                           0.27      1007
   macro avg       0.56      0.57      0.27      1007
weighted avg       0.87      0.27      0.28      1007

Predicted    0    1   All
True                     
0          127    3   130
1          731  146   877
All        858  149  1007
**************************************************
********************txid169963********************
0 non-operons were not labeled and 0 operons were not labeled

Classification report
              precision    recall  f1-score   support

           0       0.16      1.00      0.27       172
           1       1.00      0.11      0.20      1031

    accuracy                           0.24      1203
   macro avg       0.58      0.56      0.24      1203
weighted avg       0.88      0.24      0.21      1203

Predicted     0    1   All
True                      
0           172    0   172
1           915  116  1031
All        1087  116  1203
**************************************************
********************txid272634********************
0 non-operons were not labeled and 0 operons were not labeled

Classification report
              precision    recall  f1-score   support

           0       0.41      0.98      0.57       126
           1       0.96      0.27      0.42       246

    accuracy                           0.51       372
   macro avg       0.68      0.62      0.50       372
weighted avg       0.77      0.51      0.47       372

Predicted    0   1  All
True                   
0          123   3  126
1          180  66  246
All        303  69  372
**************************************************
********************txid298386********************
0 non-operons were not labeled and 0 operons were not labeled

Classification report
              precision    recall  f1-score   support

           0       0.13      0.85      0.22        87
           1       0.93      0.25      0.40       676

    accuracy                           0.32       763
   macro avg       0.53      0.55      0.31       763
weighted avg       0.84      0.32      0.38       763

Predicted    0    1  All
True                    
0           74   13   87
1          504  172  676
All        578  185  763
**************************************************
/home/rezvank/.local/lib/python3.10/site-packages/sklearn/metrics/_classification.py:1344: UndefinedMetricWarning: Recall and F-score are ill-defined and being set to 0.0 in labels with no true samples. Use `zero_division` parameter to control this behavior.
  _warn_prf(average, modifier, msg_start, len(result))
/home/rezvank/.local/lib/python3.10/site-packages/sklearn/metrics/_classification.py:1344: UndefinedMetricWarning: Recall and F-score are ill-defined and being set to 0.0 in labels with no true samples. Use `zero_division` parameter to control this behavior.
  _warn_prf(average, modifier, msg_start, len(result))
/home/rezvank/.local/lib/python3.10/site-packages/sklearn/metrics/_classification.py:1344: UndefinedMetricWarning: Recall and F-score are ill-defined and being set to 0.0 in labels with no true samples. Use `zero_division` parameter to control this behavior.
  _warn_prf(average, modifier, msg_start, len(result))
********************txid176299********************
0 non-operons were not labeled and 0 operons were not labeled

Classification report
              precision    recall  f1-score   support

           0       0.00      0.00      0.00         0
           1       1.00      0.36      0.53        14

    accuracy                           0.36        14
   macro avg       0.50      0.18      0.26        14
weighted avg       1.00      0.36      0.53        14

Predicted  0  1  All
True                
1          9  5   14
All        9  5   14
**************************************************
/home/rezvank/.local/lib/python3.10/site-packages/sklearn/metrics/_classification.py:1344: UndefinedMetricWarning: Recall and F-score are ill-defined and being set to 0.0 in labels with no true samples. Use `zero_division` parameter to control this behavior.
  _warn_prf(average, modifier, msg_start, len(result))
/home/rezvank/.local/lib/python3.10/site-packages/sklearn/metrics/_classification.py:1344: UndefinedMetricWarning: Recall and F-score are ill-defined and being set to 0.0 in labels with no true samples. Use `zero_division` parameter to control this behavior.
  _warn_prf(average, modifier, msg_start, len(result))
/home/rezvank/.local/lib/python3.10/site-packages/sklearn/metrics/_classification.py:1344: UndefinedMetricWarning: Recall and F-score are ill-defined and being set to 0.0 in labels with no true samples. Use `zero_division` parameter to control this behavior.
  _warn_prf(average, modifier, msg_start, len(result))
********************txid224326********************
0 non-operons were not labeled and 0 operons were not labeled

Classification report
              precision    recall  f1-score   support

           0       0.00      0.00      0.00         0
           1       1.00      0.30      0.46        20

    accuracy                           0.30        20
   macro avg       0.50      0.15      0.23        20
weighted avg       1.00      0.30      0.46        20

Predicted   0  1  All
True                 
1          14  6   20
All        14  6   20
**************************************************
********************txid224911********************
0 non-operons were not labeled and 0 operons were not labeled

Classification report
              precision    recall  f1-score   support

           0       0.14      1.00      0.25         2
           1       1.00      0.20      0.33        15

    accuracy                           0.29        17
   macro avg       0.57      0.60      0.29        17
weighted avg       0.90      0.29      0.32        17

Predicted   0  1  All
True                 
0           2  0    2
1          12  3   15
All        14  3   17
**************************************************
********************txid208964********************
0 non-operons were not labeled and 0 operons were not labeled

Classification report
              precision    recall  f1-score   support

           0       0.09      1.00      0.16         3
           1       1.00      0.52      0.69        67

    accuracy                           0.54        70
   macro avg       0.54      0.76      0.42        70
weighted avg       0.96      0.54      0.66        70

Predicted   0   1  All
True                  
0           3   0    3
1          32  35   67
All        35  35   70
**************************************************
********************txid214092********************
0 non-operons were not labeled and 0 operons were not labeled

Classification report
              precision    recall  f1-score   support

           1       1.00      1.00      1.00         6

    accuracy                           1.00         6
   macro avg       1.00      1.00      1.00         6
weighted avg       1.00      1.00      1.00         6

Predicted  1  All
True             
1          6    6
All        6    6
**************************************************
********************txid6239********************
0 non-operons were not labeled and 0 operons were not labeled

Classification report
              precision    recall  f1-score   support

           0       0.05      1.00      0.09        56
           1       1.00      0.06      0.11      1184

    accuracy                           0.10      1240
   macro avg       0.52      0.53      0.10      1240
weighted avg       0.96      0.10      0.11      1240

Predicted     0   1   All
True                     
0            56   0    56
1          1117  67  1184
All        1173  67  1240
**************************************************