Merge completed. Merged data written to '4_merged.gff3'.
Merge completed. Merged data written to '4_merged.gff3'.
Merge completed. Merged data written to '4_merged.gff3'.
Merge completed. Merged data written to '4_merged.gff3'.
Merge completed. Merged data written to '4_merged.gff3'.
Merge completed. Merged data written to '4_merged.gff3'.
Merge completed. Merged data written to '4_merged.gff3'.
Merge completed. Merged data written to '4_merged.gff3'.
Merge completed. Merged data written to '4_merged.gff3'.
Merge completed. Merged data written to '4_merged.gff3'.
Merge completed. Merged data written to '4_merged.gff3'.
Merge completed. Merged data written to '4_merged.gff3'.
