********************txid224308********************
0 non-operons were not labeled and 0 operons were not labeled

Classification report
              precision    recall  f1-score   support

           0       0.65      0.89      0.75       208
           1       0.96      0.84      0.90       644

    accuracy                           0.85       852
   macro avg       0.80      0.87      0.82       852
weighted avg       0.88      0.85      0.86       852

Predicted    0    1  All
True                    
0          185   23  208
1          101  543  644
All        286  566  852
**************************************************
********************txid196627********************
0 non-operons were not labeled and 0 operons were not labeled

Classification report
              precision    recall  f1-score   support

           0       0.79      0.89      0.84      1182
           1       0.86      0.73      0.79      1077

    accuracy                           0.82      2259
   macro avg       0.82      0.81      0.81      2259
weighted avg       0.82      0.82      0.82      2259

Predicted     0    1   All
True                      
0          1057  125  1182
1           289  788  1077
All        1346  913  2259
**************************************************
********************txid511145********************
0 non-operons were not labeled and 0 operons were not labeled

Classification report
              precision    recall  f1-score   support

           0       0.91      0.85      0.88      2098
           1       0.83      0.90      0.86      1726

    accuracy                           0.87      3824
   macro avg       0.87      0.87      0.87      3824
weighted avg       0.88      0.87      0.87      3824

Predicted     0     1   All
True                       
0          1775   323  2098
1           168  1558  1726
All        1943  1881  3824
**************************************************
********************txid297246********************
0 non-operons were not labeled and 0 operons were not labeled

Classification report
              precision    recall  f1-score   support

           0       0.34      0.76      0.47       130
           1       0.96      0.78      0.86       877

    accuracy                           0.78      1007
   macro avg       0.65      0.77      0.67      1007
weighted avg       0.88      0.78      0.81      1007

Predicted    0    1   All
True                     
0           99   31   130
1          190  687   877
All        289  718  1007
**************************************************
********************txid169963********************
0 non-operons were not labeled and 0 operons were not labeled

Classification report
              precision    recall  f1-score   support

           0       0.55      0.88      0.67       172
           1       0.98      0.88      0.92      1031

    accuracy                           0.88      1203
   macro avg       0.76      0.88      0.80      1203
weighted avg       0.92      0.88      0.89      1203

Predicted    0    1   All
True                     
0          151   21   172
1          126  905  1031
All        277  926  1203
**************************************************
********************txid272634********************
0 non-operons were not labeled and 0 operons were not labeled

Classification report
              precision    recall  f1-score   support

           0       0.42      0.97      0.59       126
           1       0.95      0.32      0.48       246

    accuracy                           0.54       372
   macro avg       0.69      0.64      0.53       372
weighted avg       0.77      0.54      0.52       372

Predicted    0   1  All
True                   
0          122   4  126
1          167  79  246
All        289  83  372
**************************************************
********************txid298386********************
0 non-operons were not labeled and 0 operons were not labeled

Classification report
              precision    recall  f1-score   support

           0       0.38      0.49      0.43        87
           1       0.93      0.89      0.91       676

    accuracy                           0.85       763
   macro avg       0.65      0.69      0.67       763
weighted avg       0.87      0.85      0.86       763

Predicted    0    1  All
True                    
0           43   44   87
1           71  605  676
All        114  649  763
**************************************************
/home/rezvank/.local/lib/python3.10/site-packages/sklearn/metrics/_classification.py:1344: UndefinedMetricWarning: Recall and F-score are ill-defined and being set to 0.0 in labels with no true samples. Use `zero_division` parameter to control this behavior.
  _warn_prf(average, modifier, msg_start, len(result))
/home/rezvank/.local/lib/python3.10/site-packages/sklearn/metrics/_classification.py:1344: UndefinedMetricWarning: Recall and F-score are ill-defined and being set to 0.0 in labels with no true samples. Use `zero_division` parameter to control this behavior.
  _warn_prf(average, modifier, msg_start, len(result))
/home/rezvank/.local/lib/python3.10/site-packages/sklearn/metrics/_classification.py:1344: UndefinedMetricWarning: Recall and F-score are ill-defined and being set to 0.0 in labels with no true samples. Use `zero_division` parameter to control this behavior.
  _warn_prf(average, modifier, msg_start, len(result))
********************txid176299********************
0 non-operons were not labeled and 0 operons were not labeled

Classification report
              precision    recall  f1-score   support

           0       0.00      0.00      0.00         0
           1       1.00      0.93      0.96        14

    accuracy                           0.93        14
   macro avg       0.50      0.46      0.48        14
weighted avg       1.00      0.93      0.96        14

Predicted  0   1  All
True                 
1          1  13   14
All        1  13   14
**************************************************
/home/rezvank/.local/lib/python3.10/site-packages/sklearn/metrics/_classification.py:1344: UndefinedMetricWarning: Precision and F-score are ill-defined and being set to 0.0 in labels with no predicted samples. Use `zero_division` parameter to control this behavior.
  _warn_prf(average, modifier, msg_start, len(result))
/home/rezvank/.local/lib/python3.10/site-packages/sklearn/metrics/_classification.py:1344: UndefinedMetricWarning: Recall and F-score are ill-defined and being set to 0.0 in labels with no true samples. Use `zero_division` parameter to control this behavior.
  _warn_prf(average, modifier, msg_start, len(result))
/home/rezvank/.local/lib/python3.10/site-packages/sklearn/metrics/_classification.py:1344: UndefinedMetricWarning: Precision and F-score are ill-defined and being set to 0.0 in labels with no predicted samples. Use `zero_division` parameter to control this behavior.
  _warn_prf(average, modifier, msg_start, len(result))
/home/rezvank/.local/lib/python3.10/site-packages/sklearn/metrics/_classification.py:1344: UndefinedMetricWarning: Recall and F-score are ill-defined and being set to 0.0 in labels with no true samples. Use `zero_division` parameter to control this behavior.
  _warn_prf(average, modifier, msg_start, len(result))
/home/rezvank/.local/lib/python3.10/site-packages/sklearn/metrics/_classification.py:1344: UndefinedMetricWarning: Precision and F-score are ill-defined and being set to 0.0 in labels with no predicted samples. Use `zero_division` parameter to control this behavior.
  _warn_prf(average, modifier, msg_start, len(result))
/home/rezvank/.local/lib/python3.10/site-packages/sklearn/metrics/_classification.py:1344: UndefinedMetricWarning: Recall and F-score are ill-defined and being set to 0.0 in labels with no true samples. Use `zero_division` parameter to control this behavior.
  _warn_prf(average, modifier, msg_start, len(result))
**************************************************
********************txid208964********************
0 non-operons were not labeled and 0 operons were not labeled

Classification report
              precision    recall  f1-score   support

           0       0.43      1.00      0.60         3
           1       1.00      0.94      0.97        67

    accuracy                           0.94        70
   macro avg       0.71      0.97      0.78        70
weighted avg       0.98      0.94      0.95        70

Predicted  0   1  All
True                 
0          3   0    3
1          4  63   67
All        7  63   70
**************************************************

********************txid224326********************
0 non-operons were not labeled and 0 operons were not labeled

Classification report
/home/rezvank/.local/lib/python3.10/site-packages/sklearn/metrics/_classification.py:1344: UndefinedMetricWarning: Recall and F-score are ill-defined and being set to 0.0 in labels with no true samples. Use `zero_division` parameter to control this behavior.
  _warn_prf(average, modifier, msg_start, len(result))
/home/rezvank/.local/lib/python3.10/site-packages/sklearn/metrics/_classification.py:1344: UndefinedMetricWarning: Recall and F-score are ill-defined and being set to 0.0 in labels with no true samples. Use `zero_division` parameter to control this behavior.
  _warn_prf(average, modifier, msg_start, len(result))
/home/rezvank/.local/lib/python3.10/site-packages/sklearn/metrics/_classification.py:1344: UndefinedMetricWarning: Recall and F-score are ill-defined and being set to 0.0 in labels with no true samples. Use `zero_division` parameter to control this behavior.
  _warn_prf(average, modifier, msg_start, len(result))
              precision    recall  f1-score   support

           0       0.00      0.00      0.00         0
           1       1.00      0.85      0.92        20

    accuracy                           0.85        20
   macro avg       0.50      0.42      0.46        20
weighted avg       1.00      0.85      0.92        20

Predicted  0   1  All
True                 
1          3  17   20
All        3  17   20
**************************************************
